[woodmart.xtemos.com/demo-retail/demo/retail/index.html]
[backblue.gif]
[fade.gif]
[index.html]
[woodmart.b-cdn.net/wp-content/cache/min/1/d8e57ca65bf6cdd9828032a21744762e.css]
[woodmart.b-cdn.net/wp-content/uploads/2021/08/01_theme-preview.__large_preview.jpg]
[woodmart.b-cdn.net/wp-includes/js/jquery/jquery.minf43b.js]
[woodmart.b-cdn.net/wp-content/uploads/2021/06/cropped-woodmart-favicon-512px-45x45.png]
[woodmart.b-cdn.net/wp-content/uploads/2021/06/cropped-woodmart-favicon-512px-290x290.png]
[woodmart.b-cdn.net/wp-content/uploads/2018/08/retail-popup-bg.jpg]
[woodmart.b-cdn.net/wp-content/uploads/2022/03/page-title-shop.jpg]
[woodmart.b-cdn.net/wp-content/uploads/2018/08/retail-shop-bg-1.jpg]
[woodmart.b-cdn.net/wp-content/uploads/2016/06/cat-menu-bg-1.jpg]
[woodmart.b-cdn.net/wp-content/uploads/2024/06/demo-default-1.jpg]
[woodmart.b-cdn.net/wp-content/uploads/2023/02/demo-mega-electronics.jpg]
[woodmart.b-cdn.net/wp-content/uploads/2022/06/preview-megamarket.jpg]
[woodmart.b-cdn.net/wp-content/uploads/2023/09/demo-furniture-2.jpg]
[woodmart.b-cdn.net/wp-content/uploads/2023/09/demo-games-white-1.jpg]
[woodmart.b-cdn.net/wp-content/uploads/2024/02/demo-black_friday.jpg]
[woodmart.b-cdn.net/wp-content/uploads/2017/01/handmade.jpg]
[woodmart.b-cdn.net/wp-content/uploads/2024/04/demo-fashion-color-1.jpg]
[woodmart.b-cdn.net/wp-content/uploads/2024/04/demo-glasses-1.jpg]
[woodmart.b-cdn.net/wp-content/uploads/2019/05/preview-retail-2.jpg]
[woodmart.b-cdn.net/wp-content/uploads/2018/08/slide-1.jpg]
[woodmart.b-cdn.net/wp-content/uploads/2018/08/slide-2.jpg]
[woodmart.b-cdn.net/wp-content/uploads/2018/08/slide-3.jpg]
[woodmart.b-cdn.net/wp-content/uploads/2018/10/retail-category-2-opt.jpg]
[woodmart.b-cdn.net/wp-content/uploads/2018/10/retail-category-1-opt.jpg]
[woodmart.b-cdn.net/wp-content/uploads/2018/10/retail-category-3-opt.jpg]
[woodmart.b-cdn.net/wp-content/uploads/2018/10/retail-category-4-opt.jpg]
[woodmart.b-cdn.net/wp-content/uploads/2018/10/retail-category-5-opt.jpg]
[woodmart.b-cdn.net/wp-content/uploads/2018/10/retail-category-6-opt.jpg]
[woodmart.b-cdn.net/wp-content/uploads/2018/10/side-product-cutdown-opt-430x430.jpg]
[woodmart.b-cdn.net/wp-content/uploads/2018/10/side-product-cutdown-2-opt-430x430.jpg]
[woodmart.b-cdn.net/wp-content/uploads/2018/10/retail-product-1-opt-330x340.jpg]
[woodmart.b-cdn.net/wp-content/uploads/2018/10/retail-product-2-opt-330x340.jpg]
[woodmart.b-cdn.net/wp-content/uploads/2018/10/retail-product-3-opt-330x340.jpg]
[woodmart.xtemos.com/demo-retail/demo/retail/index1a12.html]
[woodmart.xtemos.com/demo-retail/demo/retail/index6568.html]
[woodmart.xtemos.com/demo-retail/demo/retail/index354c.html]
[woodmart.xtemos.com/demo-retail/demo/retail/indexd321.html]
[woodmart.b-cdn.net/wp-content/uploads/2018/10/retail-product-4-opt-330x340.jpg]
[woodmart.xtemos.com/demo-retail/demo/retail/indexa749.html]
[woodmart.b-cdn.net/wp-content/uploads/2018/10/retail-product-5-opt-330x340.jpg]
[woodmart.b-cdn.net/wp-content/uploads/2018/10/retail-product-6-opt-330x340.jpg]
[woodmart.b-cdn.net/wp-content/uploads/2018/08/retail-img-map-1-1.jpg]
[woodmart.xtemos.com/demo-retail/demo/retail/index213e.html]
[woodmart.xtemos.com/demo-retail/demo/retail/indexa9b6.html]
[woodmart.b-cdn.net/wp-content/uploads/2018/10/retail-img-map-product-1-opt-430x444.jpg]
[woodmart.xtemos.com/demo-retail/demo/retail/indexcdf6.html]
[woodmart.b-cdn.net/wp-content/uploads/2018/10/retail-img-map-product-2-opt-430x444.jpg]
[woodmart.b-cdn.net/wp-content/uploads/2018/10/retail-img-map-product-2-opt-330x340.jpg]
[woodmart.b-cdn.net/wp-content/uploads/2018/10/retail-img-map-product-1-opt-330x340.jpg]
[woodmart.b-cdn.net/wp-content/uploads/2018/10/retail-product-7-opt-330x340.jpg]
[woodmart.xtemos.com/demo-retail/demo/retail/index9e64.html]
[woodmart.b-cdn.net/wp-content/uploads/2018/10/retail-product-8-opt-330x340.jpg]
[woodmart.xtemos.com/demo-retail/demo/retail/index5aad.html]
[woodmart.b-cdn.net/wp-content/uploads/2018/10/retail-product-9-opt-330x340.jpg]
[woodmart.b-cdn.net/wp-content/uploads/2018/10/retail-product-10-opt-330x340.jpg]
[woodmart.xtemos.com/demo-retail/demo/retail/index1437.html]
[woodmart.xtemos.com/demo-retail/demo/retail/index9742.html]
[woodmart.b-cdn.net/wp-content/uploads/2018/10/retail-product-11-opt-330x340.jpg]
[woodmart.b-cdn.net/wp-content/uploads/2018/10/retail-product-12-opt-330x340.jpg]
[woodmart.xtemos.com/demo-retail/demo/retail/indexdd07.html]
[woodmart.b-cdn.net/wp-content/uploads/2018/10/side-product-cutdown-2-opt.jpg]
[woodmart.xtemos.com/demo-retail/demo/retail/index8de1.html]
[woodmart.xtemos.com/demo-retail/demo/retail/index1def.html]
[woodmart.xtemos.com/demo-retail/demo/retail/index3582.html]
[woodmart.b-cdn.net/wp-content/uploads/2018/10/side-product-cutdown-opt.jpg]
[woodmart.b-cdn.net/wp-content/uploads/2018/10/retail-img-map-product-5-opt-430x444.jpg]
[woodmart.b-cdn.net/wp-content/uploads/2018/10/retail-img-map-product-3-opt-430x444.jpg]
[woodmart.b-cdn.net/wp-content/uploads/2018/10/retail-img-map-product-4-opt-430x444.jpg]
[woodmart.b-cdn.net/wp-content/uploads/2018/08/retail-img-map-2-min.jpg]
[woodmart.b-cdn.net/wp-content/uploads/2018/10/retail-product-13-opt-330x340.jpg]
[woodmart.b-cdn.net/wp-content/uploads/2018/10/retail-product-14-opt-330x340.jpg]
[woodmart.xtemos.com/demo-retail/demo/retail/index482a.html]
[woodmart.xtemos.com/demo-retail/demo/retail/index1faf.html]
[woodmart.b-cdn.net/wp-content/uploads/2018/10/retail-product-15-opt-330x340.jpg]
[woodmart.b-cdn.net/wp-content/uploads/2018/10/retail-product-16-opt-330x340.jpg]
[woodmart.xtemos.com/demo-retail/demo/retail/index9351.html]
[woodmart.xtemos.com/demo-retail/demo/retail/indexaaa8.html]
[woodmart.xtemos.com/demo-retail/demo/retail/index7690.html]
[woodmart.b-cdn.net/wp-content/uploads/2018/10/retail-product-25-opt-330x340.jpg]
[woodmart.xtemos.com/demo-retail/demo/retail/indexd3b4.html]
[woodmart.xtemos.com/demo-retail/demo/retail/indexe3f0.html]
[woodmart.xtemos.com/demo-retail/demo/retail/indexd5c8.html]
[woodmart.b-cdn.net/wp-content/uploads/2018/10/retail-img-map-product-4-opt-330x340.jpg]
[woodmart.b-cdn.net/wp-content/uploads/2018/10/retail-garden-banner-1-1-opt.jpg]
[woodmart.b-cdn.net/wp-content/uploads/2018/10/retail-garden-banner-2-1-opt.jpg]
[woodmart.b-cdn.net/wp-content/uploads/2018/10/retail-category-9-opt.jpg]
[woodmart.b-cdn.net/wp-content/uploads/2018/10/retail-category-10-opt.jpg]
[woodmart.b-cdn.net/wp-content/uploads/2018/10/retail-category-12-opt.jpg]
[woodmart.b-cdn.net/wp-content/uploads/2018/10/retail-category-8-opt-1.jpg]
[woodmart.b-cdn.net/wp-content/uploads/2018/10/retail-category-11-opt.jpg]
[woodmart.b-cdn.net/wp-content/uploads/2018/10/retail-category-7-opt.jpg]
[woodmart.b-cdn.net/wp-content/uploads/2016/09/brand-witra.png]
[woodmart.b-cdn.net/wp-content/uploads/2016/09/brand-Rosenthal.png]
[woodmart.b-cdn.net/wp-content/uploads/2016/09/brand-PackIt.png]
[woodmart.b-cdn.net/wp-content/uploads/2017/01/nichemodern.png]
[woodmart.b-cdn.net/wp-content/uploads/2016/09/brand-Magisso.png]
[woodmart.b-cdn.net/wp-content/uploads/2016/09/brand-Louis-Poulsen.png]
[woodmart.b-cdn.net/wp-content/uploads/2017/01/klobe2r.png]
[woodmart.b-cdn.net/wp-content/uploads/2016/09/brand-Joseph-Joseph.png]
[woodmart.b-cdn.net/wp-content/uploads/2016/09/brand-hay.png]
[woodmart.b-cdn.net/wp-content/uploads/2016/09/brand-flos.png]
[woodmart.b-cdn.net/wp-content/uploads/2016/09/brand-Eva-Solo.png]
[woodmart.b-cdn.net/wp-content/uploads/2016/09/brand-alessi.png]
[woodmart.b-cdn.net/wp-content/uploads/2018/10/retail-furniture-banner-1-2-opt.jpg]
[woodmart.b-cdn.net/wp-content/uploads/2018/10/retail-furniture-banner-2-2-opt.jpg]
[woodmart.b-cdn.net/wp-content/uploads/2018/10/retail-product-19-opt-330x340.jpg]
[woodmart.b-cdn.net/wp-content/uploads/2018/10/retail-product-18-opt-330x340.jpg]
[woodmart.b-cdn.net/wp-content/uploads/2018/10/retail-product-17-opt-330x340.jpg]
[woodmart.xtemos.com/demo-retail/demo/retail/indexcf9d.html]
[woodmart.b-cdn.net/wp-content/uploads/2018/10/retail-product-20-opt-330x340.jpg]
[woodmart.b-cdn.net/wp-content/uploads/2018/10/retail-product-21-opt-330x340.jpg]
[woodmart.b-cdn.net/wp-content/uploads/2018/10/retail-product-22-opt-330x340.jpg]
[woodmart.xtemos.com/demo-retail/demo/retail/index01cf.html]
[woodmart.xtemos.com/demo-retail/demo/retail/indexbd69.html]
[woodmart.xtemos.com/demo-retail/demo/retail/index9e75.html]
[woodmart.xtemos.com/demo-retail/demo/retail/index047c.html]
[woodmart.b-cdn.net/wp-content/uploads/2018/10/retail-product-23-opt-330x340.jpg]
[woodmart.xtemos.com/demo-retail/demo/retail/index4f5f.html]
[woodmart.xtemos.com/demo-retail/demo/retail/indexe68f.html]
[woodmart.b-cdn.net/wp-content/uploads/2018/10/retail-product-24-opt-330x340.jpg]
[woodmart.b-cdn.net/wp-content/uploads/2018/10/retail-blog-img-1-opt.jpg]
[woodmart.b-cdn.net/wp-content/uploads/2018/10/avatar-home.jpg]
[woodmart.xtemos.com/demo-retail/demo/retail/index4d14.html]
[woodmart.b-cdn.net/wp-content/uploads/2018/10/retail-blog-img-2-opt.jpg]
[woodmart.b-cdn.net/wp-content/uploads/2018/10/retail-blog-img-3-opt.jpg]
[woodmart.b-cdn.net/wp-content/uploads/2018/10/retail-blog-img-4-opt.jpg]
[woodmart.b-cdn.net/wp-content/uploads/2018/08/app-store-button.png]
[woodmart.b-cdn.net/wp-content/uploads/2018/08/google-play-button.png]
[woodmart.b-cdn.net/wp-content/uploads/2018/08/payment.png]
[woodmart.b-cdn.net/wp-content/uploads/2018/08/shipping.png]
[woodmart.xtemos.com/demo-retail/demo/retail/index.html]
[woodmart.b-cdn.net/wp-content/cache/min/1/d8e57ca65bf6cdd9828032a21744762e.css]
[woodmart.b-cdn.net/wp-content/themes/woodmart/css/parts/int-woo-paypal-payments.min8c10.css]
[woodmart.b-cdn.net/wp-content/cache/min/1/69ab90ca14d9b38a12a957a7200ffbe8.js]
[woodmart.xtemos.com/wp-content/uploads/2021/08/01_theme-preview.__large_preview.jpg]
[woodmart.xtemos.com/wp-content/uploads/2021/04/js_composer-16172617778c10.css]
[woodmart.xtemos.com/wp-content/themes/woodmart/css/bootstrap-light.min8c10.css]
[woodmart.xtemos.com/wp-content/themes/woodmart/css/parts/base.min8c10.css]
[woodmart.xtemos.com/wp-content/plugins/xz-system/css/demos_preview_style8a54.css]
[woodmart.xtemos.com/wp-content/plugins/xz-system/css/custom8a54.css]
[woodmart.xtemos.com/wp-content/themes/woodmart/css/parts/woo-mod-shop-attributes.min8c10.css]
[woodmart.xtemos.com/wp-content/themes/woodmart/css/parts/int-mc4wp-deprecated.min8c10.css]
[woodmart.xtemos.com/wp-content/themes/woodmart/css/parts/base-deprecated.min8c10.css]
[woodmart.xtemos.com/wp-content/themes/woodmart/css/parts/mod-nav-menu-label.min8c10.css]
[woodmart.xtemos.com/wp-content/themes/woodmart/css/parts/widget-recent-post-comments.min8c10.css]
[woodmart.xtemos.com/wp-content/themes/woodmart/css/parts/widget-wd-recent-posts.min8c10.css]
[woodmart.xtemos.com/wp-content/themes/woodmart/css/parts/widget-nav.min8c10.css]
[woodmart.xtemos.com/wp-content/themes/woodmart/css/parts/woo-widget-wd-layered-nav.min8c10.css]
[woodmart.xtemos.com/wp-content/themes/woodmart/css/parts/woo-mod-swatches-base.min8c10.css]
[woodmart.xtemos.com/wp-content/themes/woodmart/css/parts/woo-mod-swatches-filter.min8c10.css]
[woodmart.xtemos.com/wp-content/themes/woodmart/css/parts/woo-widget-product-cat.min8c10.css]
[woodmart.xtemos.com/wp-content/themes/woodmart/css/parts/woo-widget-layered-nav-stock-status.min8c10.css]
[woodmart.xtemos.com/wp-content/themes/woodmart/css/parts/woo-widget-product-list.min8c10.css]
[woodmart.xtemos.com/wp-content/themes/woodmart/css/parts/woo-widget-slider-price-filter.min8c10.css]
[woodmart.xtemos.com/wp-content/themes/woodmart/css/parts/int-wpcf7.min8c10.css]
[woodmart.xtemos.com/wp-content/themes/woodmart/css/parts/int-mc4wp.min8c10.css]
[woodmart.xtemos.com/wp-content/themes/woodmart/css/parts/int-wpb-base.min8c10.css]
[woodmart.xtemos.com/wp-content/themes/woodmart/css/parts/int-wpb-base-deprecated.min8c10.css]
[woodmart.xtemos.com/wp-content/themes/woodmart/css/parts/woocommerce-base.min8c10.css]
[woodmart.xtemos.com/wp-content/themes/woodmart/css/parts/mod-star-rating.min8c10.css]
[woodmart.xtemos.com/wp-content/themes/woodmart/css/parts/woo-el-track-order.min8c10.css]
[woodmart.xtemos.com/wp-content/themes/woodmart/css/parts/woo-mod-block-notices.min8c10.css]
[woodmart.xtemos.com/wp-content/themes/woodmart/css/parts/woo-opt-free-progress-bar.min8c10.css]
[woodmart.xtemos.com/wp-content/themes/woodmart/css/parts/woo-mod-progress-bar.min8c10.css]
[woodmart.xtemos.com/wp-content/themes/woodmart-child/style8c10.css]
[woodmart.xtemos.com/wp-content/themes/woodmart/css/parts/header-base.min8c10.css]
[woodmart.xtemos.com/wp-content/themes/woodmart/css/parts/mod-tools.min8c10.css]
[woodmart.xtemos.com/wp-content/themes/woodmart/css/parts/header-el-base.min8c10.css]
[woodmart.xtemos.com/wp-content/themes/woodmart/css/parts/el-social-icons.min8c10.css]
[woodmart.xtemos.com/wp-content/themes/woodmart/css/parts/header-el-search.min8c10.css]
[woodmart.xtemos.com/wp-content/themes/woodmart/css/parts/header-el-search-form.min8c10.css]
[woodmart.xtemos.com/wp-content/themes/woodmart/css/parts/wd-search-results.min8c10.css]
[woodmart.xtemos.com/wp-content/themes/woodmart/css/parts/wd-search-form.min8c10.css]
[woodmart.xtemos.com/wp-content/themes/woodmart/css/parts/wd-search-cat.min8c10.css]
[woodmart.xtemos.com/wp-content/themes/woodmart/css/parts/woo-mod-login-form.min8c10.css]
[woodmart.xtemos.com/wp-content/themes/woodmart/css/parts/header-el-my-account.min8c10.css]
[woodmart.xtemos.com/wp-content/themes/woodmart/css/parts/header-el-cart-side.min8c10.css]
[woodmart.xtemos.com/wp-content/themes/woodmart/css/parts/woo-mod-quantity.min8c10.css]
[woodmart.xtemos.com/wp-content/themes/woodmart/css/parts/header-el-cart.min8c10.css]
[woodmart.xtemos.com/wp-content/themes/woodmart/css/parts/woo-widget-shopping-cart.min8c10.css]
[woodmart.xtemos.com/wp-content/themes/woodmart/css/parts/header-el-mobile-nav-dropdown.min8c10.css]
[woodmart.xtemos.com/wp-content/themes/woodmart/css/parts/header-el-category-nav.min8c10.css]
[woodmart.xtemos.com/wp-content/themes/woodmart/css/parts/mod-nav-vertical.min8c10.css]
[woodmart.xtemos.com/wp-content/themes/woodmart/css/parts/mod-nav-vertical-design-default.min8c10.css]
[woodmart.xtemos.com/wp-content/themes/woodmart/css/parts/mod-dropdown-aside.min8c10.css]
[woodmart.xtemos.com/wp-content/themes/woodmart/css/parts/lib-swiper.min8c10.css]
[woodmart.xtemos.com/wp-content/themes/woodmart/css/parts/el-slider.min8c10.css]
[woodmart.xtemos.com/wp-content/themes/woodmart/css/parts/el-slider-dots-style-2.min8c10.css]
[woodmart.xtemos.com/wp-content/themes/woodmart/css/parts/mod-animations-transform.min8c10.css]
[woodmart.xtemos.com/wp-content/themes/woodmart/css/parts/el-responsive-text.min8c10.css]
[woodmart.xtemos.com/wp-content/themes/woodmart/css/parts/lib-swiper-arrows.min8c10.css]
[woodmart.xtemos.com/wp-content/themes/woodmart/css/parts/lib-swiper-pagin.min8c10.css]
[woodmart.xtemos.com/wp-content/themes/woodmart/css/parts/el-section-title.min8c10.css]
[woodmart.xtemos.com/wp-content/themes/woodmart/css/parts/el-section-title-style-under-and-over.min8c10.css]
[woodmart.xtemos.com/wp-content/themes/woodmart/css/parts/mod-highlighted-text.min8c10.css]
[woodmart.xtemos.com/wp-content/themes/woodmart/css/parts/woo-categories-loop-layout-masonry.min8c10.css]
[woodmart.xtemos.com/wp-content/themes/woodmart/css/parts/woo-categories-loop-old.min8c10.css]
[woodmart.xtemos.com/wp-content/themes/woodmart/css/parts/woo-product-loop.min8c10.css]
[woodmart.xtemos.com/wp-content/themes/woodmart/css/parts/woo-product-loop-base.min8c10.css]
[woodmart.xtemos.com/wp-content/themes/woodmart/css/parts/woo-mod-add-btn-replace.min8c10.css]
[woodmart.xtemos.com/wp-content/themes/woodmart/css/parts/mod-more-description.min8c10.css]
[woodmart.xtemos.com/wp-content/themes/woodmart/css/parts/el-opt-highlight-product.min8c10.css]
[woodmart.xtemos.com/wp-content/themes/woodmart/css/parts/lib-magnific-popup.min8c10.css]
[woodmart.xtemos.com/wp-content/themes/woodmart/css/parts/el-countdown-timer.min8c10.css]
[woodmart.xtemos.com/wp-content/themes/woodmart/css/parts/el-tabs.min8c10.css]
[woodmart.xtemos.com/wp-content/themes/woodmart/css/parts/el-product-tabs.min8c10.css]
[woodmart.xtemos.com/wp-content/themes/woodmart/css/parts/mod-sticky-loader.min8c10.css]
[woodmart.xtemos.com/wp-content/themes/woodmart/css/parts/el-opt-product-arrows.min8c10.css]
[woodmart.xtemos.com/wp-content/themes/woodmart/css/parts/woo-mod-product-labels.min8c10.css]
[woodmart.xtemos.com/wp-content/themes/woodmart/css/parts/woo-mod-product-labels-rect.min8c10.css]
[woodmart.xtemos.com/wp-content/themes/woodmart/css/parts/el-hotspot.min8c10.css]
[woodmart.xtemos.com/wp-content/themes/woodmart/css/parts/woo-product-loop-icons.min8c10.css]
[woodmart.xtemos.com/wp-content/themes/woodmart/css/parts/el-info-box.min8c10.css]
[woodmart.xtemos.com/wp-content/themes/woodmart/css/parts/wpb-el-banner.min8c10.css]
[woodmart.xtemos.com/wp-content/themes/woodmart/css/parts/el-banner-hover-zoom.min8c10.css]
[woodmart.xtemos.com/wp-content/themes/woodmart/css/parts/el-brand.min8c10.css]
[woodmart.xtemos.com/wp-content/themes/woodmart/css/parts/blog-base.min8c10.css]
[woodmart.xtemos.com/wp-content/themes/woodmart/css/parts/blog-loop-base-old.min8c10.css]
[woodmart.xtemos.com/wp-content/themes/woodmart/css/parts/blog-loop-design-masonry.min8c10.css]
[woodmart.xtemos.com/wp-content/themes/woodmart/css/parts/footer-base.min8c10.css]
[woodmart.xtemos.com/wp-content/themes/woodmart/css/parts/el-gallery.min8c10.css]
[woodmart.xtemos.com/wp-content/themes/woodmart/css/parts/opt-scrolltotop.min8c10.css]
[woodmart.xtemos.com/wp-content/themes/woodmart/css/parts/header-el-my-account-sidebar.min8c10.css]
[woodmart.xtemos.com/wp-content/themes/woodmart/css/parts/woo-opt-social-login.min8c10.css]
[woodmart.xtemos.com/wp-content/themes/woodmart/css/parts/opt-bottom-toolbar.min8c10.css]
[woodmart.xtemos.com/wp-content/plugins/google-analytics-dashboard-for-wp/assets/js/frontend-gtag.mine96e.js]
[woodmart.xtemos.com/wp-includes/js/jquery/jquery.minf43b.js]
[woodmart.xtemos.com/wp-includes/js/jquery/jquery-migrate.min5589.js]
[woodmart.xtemos.com/wp-content/plugins/woocommerce/assets/js/jquery-blockui/jquery.blockUI.min4ebd.js]
[woodmart.xtemos.com/wp-content/plugins/woocommerce/assets/js/frontend/add-to-cart.min9e2b.js]
[woodmart.xtemos.com/wp-content/plugins/woocommerce/assets/js/js-cookie/js.cookie.minf01e.js]
[woodmart.xtemos.com/wp-content/plugins/woocommerce/assets/js/frontend/woocommerce.min9e2b.js]
[woodmart.xtemos.com/wp-content/plugins/js_composer/assets/js/vendors/woocommerce-add-to-cartf66a.js]
[woodmart.xtemos.com/wp-content/themes/woodmart/js/libs/device.min8c10.js]
[woodmart.xtemos.com/wp-content/themes/woodmart/js/scripts/global/scrollBar.min8c10.js]
[woodmart.xtemos.com/wp-content/uploads/2021/06/cropped-woodmart-favicon-512px-45x45.png]
[woodmart.xtemos.com/wp-content/uploads/2021/06/cropped-woodmart-favicon-512px-290x290.png]
[woodmart.xtemos.com/wp-content/uploads/2018/08/retail-popup-bg.jpg]
[woodmart.xtemos.com/wp-content/uploads/2022/03/page-title-shop.jpg]
[woodmart.xtemos.com/wp-content/uploads/2018/08/retail-shop-bg-1.jpg]
[woodmart.xtemos.com/wp-content/uploads/2016/06/cat-menu-bg-1.jpg]
[woodmart.xtemos.com/wp-content/uploads/2024/06/demo-default-1.jpg]
[woodmart.xtemos.com/wp-content/uploads/2023/02/demo-mega-electronics.jpg]
[woodmart.xtemos.com/wp-content/uploads/2022/06/preview-megamarket.jpg]
[woodmart.xtemos.com/wp-content/uploads/2023/09/demo-furniture-2.jpg]
[woodmart.xtemos.com/wp-content/uploads/2023/09/demo-games-white-1.jpg]
[woodmart.xtemos.com/wp-content/uploads/2024/02/demo-black_friday.jpg]
[woodmart.xtemos.com/wp-content/uploads/2017/01/handmade.jpg]
[woodmart.xtemos.com/wp-content/uploads/2024/04/demo-fashion-color-1.jpg]
[woodmart.xtemos.com/wp-content/uploads/2024/04/demo-glasses-1.jpg]
[woodmart.xtemos.com/wp-content/uploads/2019/05/preview-retail-2.jpg]
[woodmart.xtemos.com/wp-content/uploads/2018/08/slide-1.jpg]
[woodmart.xtemos.com/wp-content/uploads/2018/08/slide-2.jpg]
[woodmart.xtemos.com/wp-content/uploads/2018/08/slide-3.jpg]
[woodmart.xtemos.com/wp-content/uploads/2018/10/retail-category-2-opt.jpg]
[woodmart.xtemos.com/wp-content/uploads/2018/10/retail-category-1-opt.jpg]
[woodmart.xtemos.com/wp-content/uploads/2018/10/retail-category-3-opt.jpg]
[woodmart.xtemos.com/wp-content/uploads/2018/10/retail-category-4-opt.jpg]
[woodmart.xtemos.com/wp-content/uploads/2018/10/retail-category-5-opt.jpg]
[woodmart.xtemos.com/wp-content/uploads/2018/10/retail-category-6-opt.jpg]
[woodmart.xtemos.com/wp-content/uploads/2018/10/side-product-cutdown-opt-430x430.jpg]
[woodmart.xtemos.com/wp-content/uploads/2018/10/side-product-cutdown-2-opt-430x430.jpg]
[woodmart.xtemos.com/wp-content/uploads/2018/10/retail-product-1-opt-330x340.jpg]
[woodmart.xtemos.com/wp-content/uploads/2018/10/retail-product-2-opt-330x340.jpg]
[woodmart.xtemos.com/wp-content/uploads/2018/10/retail-product-3-opt-330x340.jpg]
[woodmart.xtemos.com/wp-content/uploads/2018/10/retail-product-4-opt-330x340.jpg]
[woodmart.xtemos.com/wp-content/uploads/2018/10/retail-product-5-opt-330x340.jpg]
[woodmart.xtemos.com/wp-content/uploads/2018/10/retail-product-6-opt-330x340.jpg]
[woodmart.xtemos.com/wp-content/uploads/2018/08/retail-img-map-1-1.jpg]
[woodmart.xtemos.com/wp-content/uploads/2018/10/retail-img-map-product-1-opt-430x444.jpg]
[woodmart.xtemos.com/wp-content/uploads/2018/10/retail-img-map-product-2-opt-430x444.jpg]
[woodmart.xtemos.com/wp-content/uploads/2018/10/retail-img-map-product-2-opt-330x340.jpg]
[woodmart.xtemos.com/wp-content/uploads/2018/10/retail-img-map-product-1-opt-330x340.jpg]
[woodmart.xtemos.com/wp-content/uploads/2018/10/retail-product-7-opt-330x340.jpg]
[woodmart.xtemos.com/wp-content/uploads/2018/10/retail-product-8-opt-330x340.jpg]
[woodmart.xtemos.com/wp-content/uploads/2018/10/retail-product-9-opt-330x340.jpg]
[woodmart.xtemos.com/wp-content/uploads/2018/10/retail-product-10-opt-330x340.jpg]
[woodmart.xtemos.com/wp-content/uploads/2018/10/retail-product-11-opt-330x340.jpg]
[woodmart.xtemos.com/wp-content/uploads/2018/10/retail-product-12-opt-330x340.jpg]
[woodmart.xtemos.com/wp-content/uploads/2018/10/side-product-cutdown-2-opt.jpg]
[woodmart.xtemos.com/wp-content/uploads/2018/10/side-product-cutdown-opt.jpg]
[woodmart.xtemos.com/wp-content/uploads/2018/10/retail-img-map-product-5-opt-430x444.jpg]
[woodmart.xtemos.com/wp-content/uploads/2018/10/retail-img-map-product-3-opt-430x444.jpg]
[woodmart.xtemos.com/wp-content/uploads/2018/10/retail-img-map-product-4-opt-430x444.jpg]
[woodmart.xtemos.com/wp-content/uploads/2018/08/retail-img-map-2-min.jpg]
[woodmart.xtemos.com/wp-content/uploads/2018/10/retail-product-13-opt-330x340.jpg]
[woodmart.xtemos.com/wp-content/uploads/2018/10/retail-product-14-opt-330x340.jpg]
[woodmart.xtemos.com/wp-content/uploads/2018/10/retail-product-15-opt-330x340.jpg]
[woodmart.xtemos.com/wp-content/uploads/2018/10/retail-product-16-opt-330x340.jpg]
[woodmart.xtemos.com/wp-content/uploads/2018/10/retail-product-25-opt-330x340.jpg]
[woodmart.xtemos.com/wp-content/uploads/2018/10/retail-img-map-product-4-opt-330x340.jpg]
[woodmart.xtemos.com/wp-content/uploads/2018/10/retail-garden-banner-1-1-opt.jpg]
[woodmart.xtemos.com/wp-content/uploads/2018/10/retail-garden-banner-2-1-opt.jpg]
[woodmart.xtemos.com/wp-content/uploads/2018/10/retail-category-9-opt.jpg]
[woodmart.xtemos.com/wp-content/uploads/2018/10/retail-category-10-opt.jpg]
[woodmart.xtemos.com/wp-content/uploads/2018/10/retail-category-12-opt.jpg]
[woodmart.xtemos.com/wp-content/uploads/2018/10/retail-category-8-opt-1.jpg]
[woodmart.xtemos.com/wp-content/uploads/2018/10/retail-category-11-opt.jpg]
[woodmart.xtemos.com/wp-content/uploads/2018/10/retail-category-7-opt.jpg]
[woodmart.xtemos.com/wp-content/uploads/2016/09/brand-witra.png]
[woodmart.xtemos.com/wp-content/uploads/2016/09/brand-Rosenthal.png]
[woodmart.xtemos.com/wp-content/uploads/2016/09/brand-PackIt.png]
[woodmart.xtemos.com/wp-content/uploads/2017/01/nichemodern.png]
[woodmart.xtemos.com/wp-content/uploads/2016/09/brand-Magisso.png]
[woodmart.xtemos.com/wp-content/uploads/2016/09/brand-Louis-Poulsen.png]
[woodmart.xtemos.com/wp-content/uploads/2017/01/klobe2r.png]
[woodmart.xtemos.com/wp-content/uploads/2016/09/brand-Joseph-Joseph.png]
[woodmart.xtemos.com/wp-content/uploads/2016/09/brand-hay.png]
[woodmart.xtemos.com/wp-content/uploads/2016/09/brand-flos.png]
[woodmart.xtemos.com/wp-content/uploads/2016/09/brand-Eva-Solo.png]
[woodmart.xtemos.com/wp-content/uploads/2016/09/brand-alessi.png]
[woodmart.xtemos.com/wp-content/uploads/2018/10/retail-furniture-banner-1-2-opt.jpg]
[woodmart.xtemos.com/wp-content/uploads/2018/10/retail-furniture-banner-2-2-opt.jpg]
[woodmart.xtemos.com/wp-content/uploads/2018/10/retail-product-19-opt-330x340.jpg]
[woodmart.xtemos.com/wp-content/uploads/2018/10/retail-product-18-opt-330x340.jpg]
[woodmart.xtemos.com/wp-content/uploads/2018/10/retail-product-17-opt-330x340.jpg]
[woodmart.xtemos.com/wp-content/uploads/2018/10/retail-product-20-opt-330x340.jpg]
[woodmart.xtemos.com/wp-content/uploads/2018/10/retail-product-21-opt-330x340.jpg]
[woodmart.xtemos.com/wp-content/uploads/2018/10/retail-product-22-opt-330x340.jpg]
[woodmart.xtemos.com/wp-content/uploads/2018/10/retail-product-23-opt-330x340.jpg]
[woodmart.xtemos.com/wp-content/uploads/2018/10/retail-product-24-opt-330x340.jpg]
[woodmart.xtemos.com/wp-content/uploads/2018/10/retail-blog-img-1-opt.jpg]
[woodmart.xtemos.com/wp-content/uploads/2018/10/avatar-home.jpg]
[woodmart.xtemos.com/wp-content/uploads/2018/10/retail-blog-img-2-opt.jpg]
[woodmart.xtemos.com/wp-content/uploads/2018/10/retail-blog-img-3-opt.jpg]
[woodmart.xtemos.com/wp-content/uploads/2018/10/retail-blog-img-4-opt.jpg]
[woodmart.xtemos.com/wp-content/uploads/2018/08/app-store-button.png]
[woodmart.xtemos.com/wp-content/uploads/2018/08/google-play-button.png]
[woodmart.xtemos.com/wp-content/uploads/2018/08/payment.png]
[woodmart.xtemos.com/wp-content/uploads/2018/08/shipping.png]
[woodmart.xtemos.com/wp-includes/css/dashicons.minadc6.css]
[woodmart.xtemos.com/wp-content/plugins/wordfence/modules/login-security/css/login.1717686858aac9.css]
[woodmart.xtemos.com/wp-content/themes/woodmart/js/scripts/wc/updateCartFragmentsFix8c10.js]
[woodmart.xtemos.com/wp-content/plugins/contact-form-7/includes/swv/js/indexa950.js]
[woodmart.xtemos.com/wp-content/plugins/contact-form-7/includes/js/indexa950.js]
[woodmart.xtemos.com/wp-content/plugins/woocommerce/assets/js/sourcebuster/sourcebuster.min9e2b.js]
[woodmart.xtemos.com/wp-content/plugins/woocommerce/assets/js/frontend/order-attribution.min9e2b.js]
[woodmart.xtemos.com/wp-content/plugins/js_composer/assets/js/dist/js_composer_front.minf66a.js]
[woodmart.xtemos.com/wp-content/themes/woodmart/js/scripts/global/helpers.min8c10.js]
[woodmart.xtemos.com/wp-content/themes/woodmart/js/scripts/wc/woocommerceNotices.min8c10.js]
[woodmart.xtemos.com/wp-content/plugins/xz-system/js/xtemos_system8a54.js]
[woodmart.xtemos.com/wp-content/plugins/xz-system/js/demos_preview_scripts8a54.js]
[woodmart.xtemos.com/wp-content/themes/woodmart/js/scripts/header/headerBuilder.min8c10.js]
[woodmart.xtemos.com/wp-content/themes/woodmart/js/scripts/menu/menuOffsets.min8c10.js]
[woodmart.xtemos.com/wp-content/themes/woodmart/js/scripts/menu/menuSetUp.min8c10.js]
[woodmart.xtemos.com/wp-content/themes/woodmart/js/libs/autocomplete.min8c10.js]
[woodmart.xtemos.com/wp-content/themes/woodmart/js/scripts/global/ajaxSearch.min8c10.js]
[woodmart.xtemos.com/wp-content/themes/woodmart/js/scripts/menu/simpleDropdown.min8c10.js]
[woodmart.xtemos.com/wp-content/themes/woodmart/js/scripts/wc/loginSidebar.min8c10.js]
[woodmart.xtemos.com/wp-content/themes/woodmart/js/scripts/wc/wishlist.min8c10.js]
[woodmart.xtemos.com/wp-content/themes/woodmart/js/scripts/wc/woodmartCompare.min8c10.js]
[woodmart.xtemos.com/wp-content/themes/woodmart/js/scripts/wc/miniCartQuantity.min8c10.js]
[woodmart.xtemos.com/wp-content/themes/woodmart/js/scripts/wc/woocommerceQuantity.min8c10.js]
[woodmart.xtemos.com/wp-content/themes/woodmart/js/scripts/wc/onRemoveFromCart.min8c10.js]
[woodmart.xtemos.com/wp-content/themes/woodmart/js/scripts/wc/headerCategoriesMenu.min8c10.js]
[woodmart.xtemos.com/wp-content/themes/woodmart/js/scripts/menu/menuDropdownsAJAX.min8c10.js]
[woodmart.xtemos.com/wp-content/themes/woodmart/js/libs/swiper.min8c10.js]
[woodmart.xtemos.com/wp-content/themes/woodmart/js/scripts/global/swiperInit.min8c10.js]
[woodmart.xtemos.com/wp-content/themes/woodmart/js/scripts/elements/slider.min8c10.js]
[woodmart.xtemos.com/wp-includes/js/imagesloaded.minbb93.js]
[woodmart.xtemos.com/wp-content/themes/woodmart/js/scripts/global/animations.min8c10.js]
[woodmart.xtemos.com/wp-content/themes/woodmart/js/libs/waypoints.min8c10.js]
[woodmart.xtemos.com/wp-content/themes/woodmart/js/scripts/wc/quickShopVariationForm.min8c10.js]
[woodmart.xtemos.com/wp-content/themes/woodmart/js/scripts/wc/addToCartAllTypes.min8c10.js]
[woodmart.xtemos.com/wp-includes/js/underscore.mind584.js]
[woodmart.xtemos.com/wp-includes/js/wp-util.minadc6.js]
[woodmart.xtemos.com/wp-content/plugins/woocommerce/assets/js/frontend/add-to-cart-variation.min9e2b.js]
[woodmart.xtemos.com/wp-content/themes/woodmart/js/scripts/wc/productHover.min8c10.js]
[woodmart.xtemos.com/wp-content/themes/woodmart/js/scripts/wc/productMoreDescription.min8c10.js]
[woodmart.xtemos.com/wp-content/themes/woodmart/js/scripts/global/btnsToolTips.min8c10.js]
[woodmart.xtemos.com/wp-content/themes/woodmart/js/libs/tooltips.min8c10.js]
[woodmart.xtemos.com/wp-content/themes/woodmart/js/scripts/wc/actionAfterAddToCart.min8c10.js]
[woodmart.xtemos.com/wp-content/themes/woodmart/js/libs/magnific-popup.min8c10.js]
[woodmart.xtemos.com/wp-content/themes/woodmart/js/scripts/wc/productImagesGallery.min8c10.js]
[woodmart.xtemos.com/wp-content/themes/woodmart/js/scripts/wc/quickView.min8c10.js]
[woodmart.xtemos.com/wp-content/themes/woodmart/js/scripts/wc/swatchesVariations.min8c10.js]
[woodmart.xtemos.com/wp-content/themes/woodmart/js/libs/countdown-bundle.min8c10.js]
[woodmart.xtemos.com/wp-content/themes/woodmart/js/scripts/elements/countDownTimer.min8c10.js]
[woodmart.xtemos.com/wp-content/themes/woodmart/js/scripts/wc/productsTabs.min8c10.js]
[woodmart.xtemos.com/wp-content/themes/woodmart/js/scripts/wc/productsLoadMore.min8c10.js]
[woodmart.xtemos.com/wp-content/themes/woodmart/js/scripts/global/clickOnScrollButton.min8c10.js]
[woodmart.xtemos.com/wp-content/themes/woodmart/js/scripts/elements/hotSpot.min8c10.js]
[woodmart.xtemos.com/wp-content/themes/woodmart/js/libs/isotope-bundle.min8c10.js]
[woodmart.xtemos.com/wp-content/themes/woodmart/js/scripts/wc/shopMasonry.min8c10.js]
[woodmart.xtemos.com/wp-content/themes/woodmart/js/scripts/global/scrollTop.min8c10.js]
[woodmart.xtemos.com/wp-content/themes/woodmart/js/scripts/menu/mobileNavigation.min8c10.js]
[woodmart.xtemos.com/wp-content/themes/woodmart/js/scripts/wc/cartWidget.min8c10.js]
[woodmart.xtemos.com/wp-content/plugins/woocommerce/assets/js/frontend/cart-fragments.min9e2b.js]
[woodmart.xtemos.com/wp-content/plugins/wordfence/modules/login-security/js/login.1717686858aac9.js]
[woodmart.xtemos.com/wp-content/themes/woodmart/js/scripts/global/promoPopup.min8c10.js]
[woodmart.xtemos.com/demo-retail/demo/retail/index1a12.html]
[woodmart.xtemos.com/wp-content/plugins/mailchimp-for-wp/assets/js/formsc8f9.js]
[woodmart.xtemos.com/demo-retail/demo/retail/index354c.html]
[woodmart.xtemos.com/demo-retail/demo/retail/index6568.html]
[woodmart.xtemos.com/demo-retail/demo/retail/indexd321.html]
[woodmart.xtemos.com/demo-retail/demo/retail/indexa749.html]
[woodmart.xtemos.com/demo-retail/demo/retail/index213e.html]
[woodmart.xtemos.com/demo-retail/demo/retail/indexa9b6.html]
[woodmart.xtemos.com/demo-retail/demo/retail/indexcdf6.html]
[woodmart.xtemos.com/demo-retail/demo/retail/index9e64.html]
[woodmart.xtemos.com/demo-retail/demo/retail/index5aad.html]
[woodmart.xtemos.com/demo-retail/demo/retail/index1437.html]
[woodmart.xtemos.com/demo-retail/demo/retail/index9742.html]
[woodmart.xtemos.com/demo-retail/demo/retail/indexdd07.html]
[woodmart.xtemos.com/demo-retail/demo/retail/index8de1.html]
[woodmart.xtemos.com/demo-retail/demo/retail/index1def.html]
[woodmart.xtemos.com/demo-retail/demo/retail/index3582.html]
[woodmart.xtemos.com/demo-retail/demo/retail/index482a.html]
[woodmart.xtemos.com/demo-retail/demo/retail/index1faf.html]
[woodmart.xtemos.com/demo-retail/demo/retail/index9351.html]
[woodmart.xtemos.com/demo-retail/demo/retail/index7690.html]
[woodmart.xtemos.com/demo-retail/demo/retail/indexaaa8.html]
[woodmart.xtemos.com/demo-retail/demo/retail/indexe3f0.html]
[woodmart.xtemos.com/demo-retail/demo/retail/indexd3b4.html]
[woodmart.xtemos.com/demo-retail/demo/retail/indexd5c8.html]
[woodmart.xtemos.com/demo-retail/demo/retail/indexcf9d.html]
[woodmart.xtemos.com/demo-retail/demo/retail/index9e75.html]
[woodmart.xtemos.com/demo-retail/demo/retail/index01cf.html]
[woodmart.xtemos.com/demo-retail/demo/retail/indexbd69.html]
[woodmart.xtemos.com/demo-retail/demo/retail/index4f5f.html]
[woodmart.xtemos.com/demo-retail/demo/retail/index047c.html]
[woodmart.xtemos.com/demo-retail/demo/retail/indexe68f.html]
[woodmart.xtemos.com/demo-retail/demo/retail/index4d14.html]
[woodmart.xtemos.com/wp-content/uploads/2021/04/js_composer-16172617778c10.css]
[woodmart.xtemos.com/wp-content/themes/woodmart/css/bootstrap-light.min8c10.css]
[woodmart.xtemos.com/wp-content/themes/woodmart/css/parts/base.min8c10.css]
[woodmart.xtemos.com/wp-content/plugins/xz-system/css/demos_preview_style8a54.css]
[woodmart.xtemos.com/wp-content/plugins/xz-system/css/custom8a54.css]
[woodmart.xtemos.com/wp-content/themes/woodmart/css/parts/woo-mod-shop-attributes.min8c10.css]
[woodmart.xtemos.com/wp-content/themes/woodmart/css/parts/int-mc4wp-deprecated.min8c10.css]
[woodmart.xtemos.com/wp-content/themes/woodmart/css/parts/base-deprecated.min8c10.css]
[woodmart.xtemos.com/wp-content/themes/woodmart/css/parts/mod-nav-menu-label.min8c10.css]
[woodmart.xtemos.com/wp-content/themes/woodmart/css/parts/widget-recent-post-comments.min8c10.css]
[woodmart.xtemos.com/wp-content/themes/woodmart/css/parts/widget-wd-recent-posts.min8c10.css]
[woodmart.xtemos.com/wp-content/themes/woodmart/css/parts/widget-nav.min8c10.css]
[woodmart.xtemos.com/wp-content/themes/woodmart/css/parts/woo-widget-wd-layered-nav.min8c10.css]
[woodmart.xtemos.com/wp-content/themes/woodmart/css/parts/woo-mod-swatches-base.min8c10.css]
[woodmart.xtemos.com/wp-content/themes/woodmart/css/parts/woo-mod-swatches-filter.min8c10.css]
[woodmart.xtemos.com/wp-content/themes/woodmart/css/parts/woo-widget-product-cat.min8c10.css]
[woodmart.xtemos.com/wp-content/themes/woodmart/css/parts/woo-widget-layered-nav-stock-status.min8c10.css]
[woodmart.xtemos.com/wp-content/themes/woodmart/css/parts/woo-widget-product-list.min8c10.css]
[woodmart.xtemos.com/wp-content/themes/woodmart/css/parts/woo-widget-slider-price-filter.min8c10.css]
[woodmart.xtemos.com/wp-content/themes/woodmart/css/parts/int-wpcf7.min8c10.css]
[woodmart.xtemos.com/wp-content/themes/woodmart/css/parts/int-mc4wp.min8c10.css]
[woodmart.xtemos.com/wp-content/themes/woodmart/css/parts/int-woo-paypal-payments.min8c10.css]
[woodmart.xtemos.com/wp-content/themes/woodmart/css/parts/int-wpb-base.min8c10.css]
[woodmart.xtemos.com/wp-content/themes/woodmart/css/parts/int-wpb-base-deprecated.min8c10.css]
[woodmart.xtemos.com/wp-content/themes/woodmart/css/parts/woocommerce-base.min8c10.css]
[woodmart.xtemos.com/wp-content/themes/woodmart/css/parts/mod-star-rating.min8c10.css]
[woodmart.xtemos.com/wp-content/themes/woodmart/css/parts/woo-el-track-order.min8c10.css]
[woodmart.xtemos.com/wp-content/themes/woodmart/css/parts/woo-mod-block-notices.min8c10.css]
[woodmart.xtemos.com/wp-content/themes/woodmart/css/parts/woo-opt-free-progress-bar.min8c10.css]
[woodmart.xtemos.com/wp-content/themes/woodmart/css/parts/woo-mod-progress-bar.min8c10.css]
[woodmart.xtemos.com/wp-content/themes/woodmart-child/style8c10.css]
[woodmart.xtemos.com/wp-content/themes/woodmart/css/parts/header-base.min8c10.css]
[woodmart.xtemos.com/wp-content/themes/woodmart/css/parts/mod-tools.min8c10.css]
[woodmart.xtemos.com/wp-content/themes/woodmart/css/parts/header-el-base.min8c10.css]
[woodmart.xtemos.com/wp-content/themes/woodmart/css/parts/el-social-icons.min8c10.css]
[woodmart.xtemos.com/wp-content/themes/woodmart/css/parts/header-el-search.min8c10.css]
[woodmart.xtemos.com/wp-content/themes/woodmart/css/parts/header-el-search-form.min8c10.css]
[woodmart.xtemos.com/wp-content/themes/woodmart/css/parts/wd-search-results.min8c10.css]
[woodmart.xtemos.com/wp-content/themes/woodmart/css/parts/wd-search-form.min8c10.css]
[woodmart.xtemos.com/wp-content/themes/woodmart/css/parts/wd-search-cat.min8c10.css]
[woodmart.xtemos.com/wp-content/themes/woodmart/css/parts/woo-mod-login-form.min8c10.css]
[woodmart.xtemos.com/wp-content/themes/woodmart/css/parts/header-el-my-account.min8c10.css]
[woodmart.xtemos.com/wp-content/themes/woodmart/css/parts/header-el-cart-side.min8c10.css]
[woodmart.xtemos.com/wp-content/themes/woodmart/css/parts/woo-mod-quantity.min8c10.css]
[woodmart.xtemos.com/wp-content/themes/woodmart/css/parts/header-el-cart.min8c10.css]
[woodmart.xtemos.com/wp-content/themes/woodmart/css/parts/woo-widget-shopping-cart.min8c10.css]
[woodmart.xtemos.com/wp-content/themes/woodmart/css/parts/header-el-mobile-nav-dropdown.min8c10.css]
[woodmart.xtemos.com/wp-content/themes/woodmart/css/parts/header-el-category-nav.min8c10.css]
[woodmart.xtemos.com/wp-content/themes/woodmart/css/parts/mod-nav-vertical.min8c10.css]
[woodmart.xtemos.com/wp-content/themes/woodmart/css/parts/mod-nav-vertical-design-default.min8c10.css]
[woodmart.xtemos.com/wp-content/themes/woodmart/css/parts/mod-dropdown-aside.min8c10.css]
[woodmart.xtemos.com/wp-content/themes/woodmart/css/parts/lib-swiper.min8c10.css]
[woodmart.xtemos.com/wp-content/themes/woodmart/css/parts/el-slider.min8c10.css]
[woodmart.xtemos.com/wp-content/themes/woodmart/css/parts/el-slider-dots-style-2.min8c10.css]
[woodmart.xtemos.com/wp-content/themes/woodmart/css/parts/mod-animations-transform.min8c10.css]
[woodmart.xtemos.com/wp-content/themes/woodmart/css/parts/el-responsive-text.min8c10.css]
[woodmart.xtemos.com/wp-content/themes/woodmart/css/parts/lib-swiper-arrows.min8c10.css]
[woodmart.xtemos.com/wp-content/themes/woodmart/css/parts/lib-swiper-pagin.min8c10.css]
[woodmart.xtemos.com/wp-content/themes/woodmart/css/parts/el-section-title.min8c10.css]
[woodmart.xtemos.com/wp-content/themes/woodmart/css/parts/el-section-title-style-under-and-over.min8c10.css]
[woodmart.xtemos.com/wp-content/themes/woodmart/css/parts/mod-highlighted-text.min8c10.css]
[woodmart.xtemos.com/wp-content/themes/woodmart/css/parts/woo-categories-loop-layout-masonry.min8c10.css]
[woodmart.xtemos.com/wp-content/themes/woodmart/css/parts/woo-categories-loop-old.min8c10.css]
[woodmart.xtemos.com/wp-content/themes/woodmart/css/parts/woo-product-loop.min8c10.css]
[woodmart.xtemos.com/wp-content/themes/woodmart/css/parts/woo-product-loop-base.min8c10.css]
[woodmart.xtemos.com/wp-content/themes/woodmart/css/parts/woo-mod-add-btn-replace.min8c10.css]
[woodmart.xtemos.com/wp-content/themes/woodmart/css/parts/mod-more-description.min8c10.css]
[woodmart.xtemos.com/wp-content/themes/woodmart/css/parts/el-opt-highlight-product.min8c10.css]
[woodmart.xtemos.com/wp-content/themes/woodmart/css/parts/lib-magnific-popup.min8c10.css]
[woodmart.xtemos.com/wp-content/themes/woodmart/css/parts/el-countdown-timer.min8c10.css]
[woodmart.xtemos.com/wp-content/themes/woodmart/css/parts/el-tabs.min8c10.css]
[woodmart.xtemos.com/wp-content/themes/woodmart/css/parts/el-product-tabs.min8c10.css]
[woodmart.xtemos.com/wp-content/themes/woodmart/css/parts/mod-sticky-loader.min8c10.css]
[woodmart.xtemos.com/wp-content/themes/woodmart/css/parts/el-opt-product-arrows.min8c10.css]
[woodmart.xtemos.com/wp-content/themes/woodmart/css/parts/woo-mod-product-labels.min8c10.css]
[woodmart.xtemos.com/wp-content/themes/woodmart/css/parts/woo-mod-product-labels-rect.min8c10.css]
[woodmart.xtemos.com/wp-content/themes/woodmart/css/parts/el-hotspot.min8c10.css]
[woodmart.xtemos.com/wp-content/themes/woodmart/css/parts/woo-product-loop-icons.min8c10.css]
[woodmart.xtemos.com/wp-content/themes/woodmart/css/parts/el-info-box.min8c10.css]
[woodmart.xtemos.com/wp-content/themes/woodmart/css/parts/wpb-el-banner.min8c10.css]
[woodmart.xtemos.com/wp-content/themes/woodmart/css/parts/el-banner-hover-zoom.min8c10.css]
[woodmart.xtemos.com/wp-content/themes/woodmart/css/parts/el-brand.min8c10.css]
[woodmart.xtemos.com/wp-content/themes/woodmart/css/parts/blog-base.min8c10.css]
[woodmart.xtemos.com/wp-content/themes/woodmart/css/parts/blog-loop-base-old.min8c10.css]
[woodmart.xtemos.com/wp-content/themes/woodmart/css/parts/blog-loop-design-masonry.min8c10.css]
[woodmart.xtemos.com/wp-content/themes/woodmart/css/parts/footer-base.min8c10.css]
[woodmart.xtemos.com/wp-content/themes/woodmart/css/parts/el-gallery.min8c10.css]
[woodmart.xtemos.com/wp-content/themes/woodmart/css/parts/opt-scrolltotop.min8c10.css]
[woodmart.xtemos.com/wp-content/themes/woodmart/css/parts/header-el-my-account-sidebar.min8c10.css]
[woodmart.xtemos.com/wp-content/themes/woodmart/css/parts/woo-opt-social-login.min8c10.css]
[woodmart.xtemos.com/wp-content/themes/woodmart/css/parts/opt-bottom-toolbar.min8c10.css]
[woodmart.xtemos.com/wp-includes/css/dashicons.minadc6.css]
[woodmart.xtemos.com/wp-content/plugins/wordfence/modules/login-security/css/login.1717686858aac9.css]
[woodmart.xtemos.com/wp-content/uploads/2021/images/spinner.html]
[woodmart.xtemos.com/wp-content/uploads/2021/vc/tick.html]
[woodmart.xtemos.com/wp-content/uploads/2021/vc/remove.html]
